 
======================================== 
[11/05/2026  9:16:58,49] Demarrage 
^C 
======================================== 
[18/05/2026  8:30:02,09] Demarrage 

Mise a jour des donnees...
  Lancement pea_screener.py  (--refresh)...
  ERREUR pea_screener.py :
\GitHub\Trader\pea_screener.py", line 553, in run_screener
    print(f"  Cache \u2192 {CACHE_FILE}\n")
    ~~~~~^^^^^^^^^^^^^^^^^^^^^^^^^^^^^
  File "C:\Users\jeanp\AppData\Local\Python\pythoncore-3.14-64\Lib\encodings\cp1252.py", line 19, in encode
    return codecs.charmap_encode(input,self.errors,encoding_table)[0]
           ~~~~~~~~~~~~~~~~~~~~~^^^^^^^^^^^^^^^^^^^^^^^^^^^^^^^^^^
UnicodeEncodeError: 'charmap' codec can't encode character '\u2192' in position 8: character maps to <undefined>

  Lancement world_screener.py  (--refresh)...
  OK — world_screener.py

Envoi de l'email (2 piece(s) jointe(s))...
  Connexion Gmail SMTP...
  Email envoye a jeanphilippe.malric@gmail.com

OK — email envoye avec succes.
[18/05/2026  8:43:10,64] Succes - email envoye 
[18/05/2026  8:43:10,64] Mise en veille dans 60 secondes... 
[18/05/2026  8:44:10,13] Mise en veille. 
 
======================================== 
[20/05/2026 20:36:14,04] Demarrage 
